src/app/(protected)/app/collections/[cid]/edit/documents/[did]/page.tsx(2,17): error TS2307: Cannot find module '@/lib/services' or its corresponding type declarations.
src/app/(protected)/app/collections/[cid]/new/page.tsx(3,17): error TS2307: Cannot find module '@/lib/services' or its corresponding type declarations.
src/app/(protected)/app/collections/[cid]/page.tsx(3,17): error TS2307: Cannot find module '@/lib/services' or its corresponding type declarations.
src/app/(protected)/app/collections/[cid]/view/documents/[did]/page.tsx(3,17): error TS2307: Cannot find module '@/lib/services' or its corresponding type declarations.
